
> vite_react_shadcn_ts@0.0.0 build
> vite build

[36mvite v5.4.19 [32mbuilding for production...[36m[39m
transforming...
node.exe : Browserslist: 
browsers data 
(caniuse-lite) is 9 months 
old. Please run:
No linha:1 caractere:1
+ & "C:\Program 
Files\nodejs/node.exe" 
"C:\Program 
Files\nodejs/node_mo ...
+ ~~~~~~~~~~~~~~~~~~~~~~~~~
~~~~~~~~~~~~~~~~~~~~~~~~~~~
~~~~~~~~~~~~~~~~~
    + CategoryInfo         
     : NotSpecified: (Bro  
  wserslist: b...ld. Ple   
 ase run::String) [], R    
emoteException
    + FullyQualifiedErrorI 
   d : NativeCommandError
 
  npx update-browserslist-d
b@latest
  Why you should do it 
regularly: https://github.c
om/browserslist/update-db#r
eadme
[32mÔ£ô[39m 3309 modules transformed.
[31mx[39m Build failed 
in 15.82s
[31merror during build:
[31msrc/pages/Conselho.tsx
 (13:4): 
"conselhoParticipantesApi" 
is not exported by 
"src/services/api.ts", 
imported by "src/pages/Cons
elho.tsx".[31m
file: [36mC:/Users/marce/O
neDrive/Desktop/Sistema - P
romessa/src/pages/Conselho.
tsx:13:4[31m
[33m
11: import { useAuth } 
from 
"@/contexts/AuthContext";
12: import {
13:     
conselhoParticipantesApi,
        ^
14:     
conselhoPlanejamentosApi,
15:     conselhoReunioesApi
[31m
    at getRollupError (file
:///C:/Users/marce/OneDrive
/Desktop/Sistema%20-%20Prom
essa/node_modules/rollup/di
st/es/shared/parseAst.js:39
5:41)
    at error (file:///C:/Us
ers/marce/OneDrive/Desktop/
Sistema%20-%20Promessa/node
_modules/rollup/dist/es/sha
red/parseAst.js:391:42)
    at Module.error (file:/
//C:/Users/marce/OneDrive/D
esktop/Sistema%20-%20Promes
sa/node_modules/rollup/dist
/es/shared/node-entry.js:15
535:16)
    at 
Module.traceVariable (file:
///C:/Users/marce/OneDrive/
Desktop/Sistema%20-%20Prome
ssa/node_modules/rollup/dis
t/es/shared/node-entry.js:1
5984:29)
    at 
ModuleScope.findVariable (f
ile:///C:/Users/marce/OneDr
ive/Desktop/Sistema%20-%20P
romessa/node_modules/rollup
/dist/es/shared/node-entry.
js:13770:39)
    at 
FunctionScope.findVariable 
(file:///C:/Users/marce/One
Drive/Desktop/Sistema%20-%2
0Promessa/node_modules/roll
up/dist/es/shared/node-entr
y.js:5252:38)
    at FunctionBodyScope.fi
ndVariable (file:///C:/User
s/marce/OneDrive/Desktop/Si
stema%20-%20Promessa/node_m
odules/rollup/dist/es/share
d/node-entry.js:5252:38)
    at ReturnValueScope.fin
dVariable (file:///C:/Users
/marce/OneDrive/Desktop/Sis
tema%20-%20Promessa/node_mo
dules/rollup/dist/es/shared
/node-entry.js:5252:38)
    at FunctionBodyScope.fi
ndVariable (file:///C:/User
s/marce/OneDrive/Desktop/Si
stema%20-%20Promessa/node_m
odules/rollup/dist/es/share
d/node-entry.js:5252:38)
    at ReturnValueScope.fin
dVariable (file:///C:/Users
/marce/OneDrive/Desktop/Sis
tema%20-%20Promessa/node_mo
dules/rollup/dist/es/shared
/node-entry.js:5252:38)[39
m
